src/components/CategoriesView.tsx(4,16): error TS6133: 'Search' is declared but its value is never read.
src/components/CategoriesView.tsx(4,32): error TS6133: 'ChevronRight' is declared but its value is never read.
src/components/CategoriesView.tsx(4,71): error TS6133: 'X' is declared but its value is never read.
src/components/CategoriesView.tsx(4,96): error TS6133: 'Save' is declared but its value is never read.
src/components/CategoriesView.tsx(13,10): error TS6133: 'selectedCategory' is declared but its value is never read.
src/components/CategoriesView.tsx(13,28): error TS6133: 'setSelectedCategory' is declared but its value is never read.
src/components/CategoriesView.tsx(326,78): error TS6133: 'fields' is declared but its value is never read.
src/components/CategoriesView.tsx(326,86): error TS6133: 'onToast' is declared but its value is never read.
src/components/DashboardView.tsx(4,27): error TS6133: 'Users' is declared but its value is never read.
src/components/GenericTableView.tsx(3,18): error TS6133: 'AnimatePresence' is declared but its value is never read.
src/components/GenericTableView.tsx(4,24): error TS6133: 'Filter' is declared but its value is never read.
src/components/GenericTableView.tsx(4,50): error TS6133: 'AlertTriangle' is declared but its value is never read.
